{"timestamp": "2026-04-08 01:33:19", "prompt_snippet": "How does quantum computing work?", "model": "Fast model", "reason": "Score 0.27 < 0.5 \u2192 fast model. Features fired: prompt_length, question_word.", "latency_ms": 501.08, "cache_hit": false}
{"timestamp": "2026-04-08 01:34:18", "prompt_snippet": "Write a Python script that calculates the Fibonacc...", "model": "Capable model", "reason": "Score 0.78 >= 0.5 \u2192 capable model. Features fired: prompt_length, question_word, code_flag, multi_step_flag.", "latency_ms": 528.61, "cache_hit": false}
{"timestamp": "2026-04-08 01:37:37", "prompt_snippet": "What is the capital of France?", "model": "Fast model", "reason": "Score 0.27 < 0.5 \u2192 fast model. Features fired: prompt_length, code_flag.", "latency_ms": 503.74, "cache_hit": false}
{"timestamp": "2026-04-08 01:37:46", "prompt_snippet": "How do I convert Celsius to Fahrenheit?", "model": "Fast model", "reason": "Score 0.27 < 0.5 \u2192 fast model. Features fired: prompt_length, question_word.", "latency_ms": 1866.69, "cache_hit": false}
{"timestamp": "2026-04-08 01:37:49", "prompt_snippet": "What does API stand for?", "model": "Fast model", "reason": "Score 0.26 < 0.5 \u2192 fast model. Features fired: prompt_length, code_flag.", "latency_ms": 574.97, "cache_hit": false}
{"timestamp": "2026-04-08 01:37:52", "prompt_snippet": "Give me a one-line summary of machine learning.", "model": "Fast model", "reason": "Score 0.03 < 0.5 \u2192 fast model. Features fired: prompt_length.", "latency_ms": 602.21, "cache_hit": false}
{"timestamp": "2026-04-08 01:37:55", "prompt_snippet": "What year was Python created?", "model": "Fast model", "reason": "Score 0.27 < 0.5 \u2192 fast model. Features fired: prompt_length, code_flag.", "latency_ms": 673.43, "cache_hit": false}
{"timestamp": "2026-04-08 01:37:58", "prompt_snippet": "Translate hello to Spanish.", "model": "Fast model", "reason": "Score 0.02 < 0.5 \u2192 fast model. Features fired: prompt_length.", "latency_ms": 796.79, "cache_hit": false}
{"timestamp": "2026-04-08 01:38:01", "prompt_snippet": "What is 2 to the power of 10?", "model": "Fast model", "reason": "Score 0.02 < 0.5 \u2192 fast model. Features fired: prompt_length.", "latency_ms": 700.05, "cache_hit": false}
{"timestamp": "2026-04-08 01:38:05", "prompt_snippet": "List 3 types of databases.", "model": "Fast model", "reason": "Score 0.27 < 0.5 \u2192 fast model. Features fired: prompt_length, code_flag.", "latency_ms": 546.78, "cache_hit": false}
{"timestamp": "2026-04-08 01:38:07", "prompt_snippet": "What is the difference between HTTP and HTTPS?", "model": "Fast model", "reason": "Score 0.28 < 0.5 \u2192 fast model. Features fired: prompt_length, question_word.", "latency_ms": 584.56, "cache_hit": false}
{"timestamp": "2026-04-08 01:38:11", "prompt_snippet": "Who created Linux?", "model": "Fast model", "reason": "Score 0.01 < 0.5 \u2192 fast model. Features fired: prompt_length.", "latency_ms": 1254.06, "cache_hit": false}
{"timestamp": "2026-04-08 01:38:18", "prompt_snippet": "Explain transformer architecture and compare it to...", "model": "Capable model", "reason": "Score 0.55 >= 0.5 \u2192 capable model. Features fired: prompt_length, question_word, code_flag.", "latency_ms": 4970.4, "cache_hit": false}
{"timestamp": "2026-04-08 01:38:26", "prompt_snippet": "Write a Python function to implement binary search...", "model": "Capable model", "reason": "Score 0.75 >= 0.5 \u2192 capable model. Features fired: prompt_length, question_word, code_flag, multi_step_flag.", "latency_ms": 4765.25, "cache_hit": false}
{"timestamp": "2026-04-08 01:38:36", "prompt_snippet": "Analyse why microservices architectures fail at sc...", "model": "Capable model", "reason": "Score 0.55 >= 0.5 \u2192 capable model. Features fired: prompt_length, question_word, code_flag.", "latency_ms": 5933.53, "cache_hit": false}
{"timestamp": "2026-04-08 01:38:40", "prompt_snippet": "Compare REST and GraphQL APIs \u2014 when would you cho...", "model": "Capable model", "reason": "Score 0.54 >= 0.5 \u2192 capable model. Features fired: prompt_length, question_word, code_flag.", "latency_ms": 1903.67, "cache_hit": false}
{"timestamp": "2026-04-08 01:38:43", "prompt_snippet": "Explain step by step how attention mechanisms work...", "model": "Capable model", "reason": "Score 0.74 >= 0.5 \u2192 capable model. Features fired: prompt_length, question_word, code_flag, multi_step_flag.", "latency_ms": 1006.41, "cache_hit": false}
{"timestamp": "2026-04-08 01:38:46", "prompt_snippet": "Debug this code and explain why it fails: def divi...", "model": "Capable model", "reason": "Score 0.54 >= 0.5 \u2192 capable model. Features fired: prompt_length, question_word, code_flag.", "latency_ms": 677.9, "cache_hit": false}
{"timestamp": "2026-04-08 01:38:49", "prompt_snippet": "Design a rate limiter for an API \u2014 describe the al...", "model": "Capable model", "reason": "Score 0.55 >= 0.5 \u2192 capable model. Features fired: prompt_length, question_word, code_flag.", "latency_ms": 621.22, "cache_hit": false}
{"timestamp": "2026-04-08 01:38:52", "prompt_snippet": "What are the trade-offs between normalisation and ...", "model": "Capable model", "reason": "Score 0.55 >= 0.5 \u2192 capable model. Features fired: prompt_length, question_word, code_flag.", "latency_ms": 604.76, "cache_hit": false}
{"timestamp": "2026-04-08 01:38:56", "prompt_snippet": "Explain the CAP theorem and give a real-world exam...", "model": "Capable model", "reason": "Score 0.54 >= 0.5 \u2192 capable model. Features fired: prompt_length, question_word, code_flag.", "latency_ms": 544.44, "cache_hit": false}
{"timestamp": "2026-04-08 01:39:01", "prompt_snippet": "Write a regex to validate email addresses and expl...", "model": "Capable model", "reason": "Score 0.75 >= 0.5 \u2192 capable model. Features fired: prompt_length, question_word, code_flag, multi_step_flag.", "latency_ms": 1667.13, "cache_hit": false}
